// Jest Snapshot v1, https://goo.gl/fbAQLP

exports[`renders correctly 1`] = `
<View
  accessibilityState={
    {
      "busy": undefined,
      "checked": undefined,
      "disabled": false,
      "expanded": undefined,
      "selected": undefined,
    }
  }
  accessibilityValue={
    {
      "max": undefined,
      "min": undefined,
      "now": undefined,
      "text": undefined,
    }
  }
  accessible={true}
  collapsable={false}
  focusable={true}
  jestAnimatedStyle={
    {
      "value": {},
    }
  }
  onBlur={[Function]}
  onClick={[Function]}
  onFocus={[Function]}
  onResponderGrant={[Function]}
  onResponderMove={[Function]}
  onResponderRelease={[Function]}
  onResponderTerminate={[Function]}
  onResponderTerminationRequest={[Function]}
  onStartShouldSetResponder={[Function]}
  style={
    {
      "alignItems": "left",
      "backgroundColor": "#FFFFFF",
      "borderRadius": 4,
      "color": "#fff",
      "elevation": 20,
      "marginBottom": 20,
      "opacity": 1,
      "padding": 20,
      "paddingVertical": 8,
      "shadowColor": "#000000",
      "shadowOpacity": 0.15,
      "width": "100%",
    }
  }
>
  <View
    style={
      {
        "alignItems": "center",
        "flexDirection": "row",
        "gap": 20,
        "justifyContent": "flex-start",
      }
    }
  >
    <View>
      <Image
        resizeMode="contain"
        source={1}
        style={
          {
            "height": 60,
            "width": 60,
          }
        }
      />
    </View>
    <View>
      <Text
        style={
          {
            "color": "#000000",
            "fontFamily": "Poppins",
            "fontSize": 14,
            "fontWeight": "400",
          }
        }
      >
        Innova
      </Text>
      <View
        style={
          {
            "alignItems": "baseline",
            "flexDirection": "row",
            "gap": 0,
            "justifyContent": "flex-start",
          }
        }
      >
        <View
          style={
            {
              "alignItems": "center",
              "flexDirection": "row",
              "gap": 2,
            }
          }
        >
          <Text />
          <Text
            style={
              {
                "color": "#8A8A8A",
                "fontFamily": "Poppins",
                "fontSize": 12,
                "fontWeight": "700",
                "marginLeft": 4,
              }
            }
          >
            5
          </Text>
        </View>
        <View
          style={
            {
              "alignItems": "center",
              "flexDirection": "row",
              "gap": 2,
            }
          }
        >
          <Text />
          <Text
            style={
              {
                "color": "#8A8A8A",
                "fontFamily": "Poppins",
                "fontSize": 12,
                "fontWeight": "700",
                "marginLeft": 4,
              }
            }
          >
            2
          </Text>
        </View>
      </View>
      <Text
        style={
          {
            "color": "#5CB85F",
            "fontFamily": "Poppins",
            "fontSize": 14,
          }
        }
      >
        RpÂ 500.000,00
      </Text>
    </View>
  </View>
</View>
`;
